 
****************************************
Report : area
Design : fpu
Version: L-2016.03-SP5-1
Date   : Sun Mar  5 17:27:48 2017
****************************************

Library(s) Used:

    saed90nm_typ (File: /mnt/class_data/ecec574-f2016/SAED_EDK90nm/Digital_Standard_cell_Library/synopsys/models/saed90nm_typ.db)

Number of ports:                          292
Number of nets:                          1943
Number of cells:                           36
Number of combinational cells:             27
Number of sequential cells:                 0
Number of macros/black boxes:               0
Number of buf/inv:                         27
Number of references:                      13

Combinational area:             365267.866428
Buf/Inv area:                    57947.444237
Noncombinational area:          181127.577616
Macro/Black Box area:                0.000000
Net Interconnect area:           81000.190961

Total cell area:                546395.444044
Total area:                     627395.635004
1
