 
****************************************
Report : area
Design : fpu
Version: L-2016.03-SP5-1
Date   : Mon Mar  6 11:04:33 2017
****************************************

Library(s) Used:

    saed90nm_typ (File: /mnt/class_data/ecec574-f2016/SAED_EDK90nm/Digital_Standard_cell_Library/synopsys/models/saed90nm_typ.db)

Number of ports:                          292
Number of nets:                          1946
Number of cells:                           39
Number of combinational cells:             30
Number of sequential cells:                 0
Number of macros/black boxes:               0
Number of buf/inv:                         30
Number of references:                      14

Combinational area:             350461.440434
Buf/Inv area:                    50162.688922
Noncombinational area:          181100.851212
Macro/Black Box area:                0.000000
Net Interconnect area:           73312.932587

Total cell area:                531562.291645
Total area:                     604875.224232
1
