 
****************************************
Report : qor
Design : fpu
Version: L-2016.03-SP5-1
Date   : Mon Mar  6 00:42:39 2017
****************************************


  Timing Path Group 'gclk'
  -----------------------------------
  Levels of Logic:              93.00
  Critical Path Length:          5.84
  Critical Path Slack:           0.04
  Critical Path Clk Period:      6.00
  Total Negative Slack:          0.00
  No. of Violating Paths:        0.00
  Worst Hold Violation:          0.00
  Total Hold Violation:          0.00
  No. of Hold Violations:        0.00
  -----------------------------------


  Cell Count
  -----------------------------------
  Hierarchical Cell Count:       3567
  Hierarchical Port Count:      65829
  Leaf Cell Count:              41828
  Buf/Inv Cell Count:            7978
  Buf Cell Count:                2590
  Inv Cell Count:                5388
  CT Buf/Inv Cell Count:          254
  Combinational Cell Count:     34274
  Sequential Cell Count:         7554
  Macro Count:                      0
  -----------------------------------


  Area
  -----------------------------------
  Combinational Area:   352518.451806
  Noncombinational Area:
                        181087.948811
  Buf/Inv Area:          50300.007364
  Total Buffer Area:         20411.60
  Total Inverter Area:       29888.41
  Macro/Black Box Area:      0.000000
  Net Area:              72362.663562
  Net XLength        :      904390.31
  Net YLength        :     1047119.44
  -----------------------------------
  Cell Area:            533606.400616
  Design Area:          605969.064178
  Net Length        :      1951509.75


  Design Rules
  -----------------------------------
  Total Number of Nets:         46943
  Nets With Violations:             1
  Max Trans Violations:             0
  Max Cap Violations:               1
  -----------------------------------


  Hostname: xunil-03.coe.drexel.edu

  Compile CPU Statistics
  -----------------------------------------
  Resource Sharing:                   25.95
  Logic Optimization:                 46.52
  Mapping Optimization:              133.87
  -----------------------------------------
  Overall Compile Time:              239.23
  Overall Compile Wall Clock Time:   241.74

  --------------------------------------------------------------------

  Design  WNS: 0.00  TNS: 0.00  Number of Violating Paths: 0


  Design (Hold)  WNS: 0.00  TNS: 0.00  Number of Violating Paths: 0

  --------------------------------------------------------------------


1
