 
****************************************
Report : timing
        -path full
        -delay max
        -max_paths 1
Design : fpu
Version: L-2016.03-SP5-1
Date   : Mon Mar  6 11:04:26 2017
****************************************

 * Some/all delay information is back-annotated.

Operating Conditions: TYPICAL   Library: saed90nm_typ
	Parasitic source    : LPE
	Parasitic mode      : RealRC
	Extraction mode     : MIN_MAX
	Extraction derating : 25/25/25

Information: Percent of Arnoldi-based delays = 21.59%

  Startpoint: fpu_add/fpu_add_frac_dp/i_a3stg_frac1/q_reg[0]
              (rising edge-triggered flip-flop clocked by gclk)
  Endpoint: fpu_add/fpu_add_frac_dp/i_a4stg_rnd_frac_pre3/q_reg[14]
            (rising edge-triggered flip-flop clocked by gclk)
  Path Group: gclk
  Path Type: max

  Point                                                   Incr       Path
  --------------------------------------------------------------------------
  clock gclk (rise edge)                                  0.00       0.00
  clock network delay (propagated)                        0.60       0.60
  fpu_add/fpu_add_frac_dp/i_a3stg_frac1/q_reg[0]/CLK (DFFX1)
                                                          0.00       0.60 r
  fpu_add/fpu_add_frac_dp/i_a3stg_frac1/q_reg[0]/Q (DFFX1)
                                                          0.20       0.80 r
  fpu_add/fpu_add_frac_dp/i_a3stg_frac1/q[0] (dffe_SIZE64_6)
                                                          0.00       0.80 r
  fpu_add/fpu_add_frac_dp/add_1_root_add_767_2/A[0] (fpu_add_frac_dp_DW01_add_1)
                                                          0.00       0.80 r
  fpu_add/fpu_add_frac_dp/add_1_root_add_767_2/U101/QN (NAND2X0)
                                                          0.04 &     0.84 f
  fpu_add/fpu_add_frac_dp/add_1_root_add_767_2/U104/QN (NAND3X0)
                                                          0.06 &     0.90 r
  fpu_add/fpu_add_frac_dp/add_1_root_add_767_2/U121/QN (NAND2X0)
                                                          0.04 &     0.94 f
  fpu_add/fpu_add_frac_dp/add_1_root_add_767_2/U123/QN (NAND3X0)
                                                          0.05 &     0.99 r
  fpu_add/fpu_add_frac_dp/add_1_root_add_767_2/U287/QN (NAND2X0)
                                                          0.05 &     1.04 f
  fpu_add/fpu_add_frac_dp/add_1_root_add_767_2/U289/QN (NAND3X0)
                                                          0.05 &     1.09 r
  fpu_add/fpu_add_frac_dp/add_1_root_add_767_2/U293/QN (NAND2X0)
                                                          0.04 &     1.14 f
  fpu_add/fpu_add_frac_dp/add_1_root_add_767_2/U295/QN (NAND3X0)
                                                          0.06 &     1.19 r
  fpu_add/fpu_add_frac_dp/add_1_root_add_767_2/U1_4/CO (FADDX1)
                                                          0.10 &     1.30 r
  fpu_add/fpu_add_frac_dp/add_1_root_add_767_2/U67/QN (NAND2X0)
                                                          0.04 &     1.34 f
  fpu_add/fpu_add_frac_dp/add_1_root_add_767_2/U69/QN (NAND3X0)
                                                          0.05 &     1.39 r
  fpu_add/fpu_add_frac_dp/add_1_root_add_767_2/U26/QN (NAND2X0)
                                                          0.04 &     1.44 f
  fpu_add/fpu_add_frac_dp/add_1_root_add_767_2/U27/QN (NAND3X0)
                                                          0.05 &     1.49 r
  fpu_add/fpu_add_frac_dp/add_1_root_add_767_2/U32/QN (NAND2X0)
                                                          0.04 &     1.53 f
  fpu_add/fpu_add_frac_dp/add_1_root_add_767_2/U34/QN (NAND3X0)
                                                          0.06 &     1.59 r
  fpu_add/fpu_add_frac_dp/add_1_root_add_767_2/U38/QN (NAND2X0)
                                                          0.04 &     1.63 f
  fpu_add/fpu_add_frac_dp/add_1_root_add_767_2/U40/QN (NAND3X0)
                                                          0.05 &     1.69 r
  fpu_add/fpu_add_frac_dp/add_1_root_add_767_2/U73/QN (NAND2X0)
                                                          0.04 &     1.73 f
  fpu_add/fpu_add_frac_dp/add_1_root_add_767_2/U75/QN (NAND3X0)
                                                          0.06 &     1.79 r
  fpu_add/fpu_add_frac_dp/add_1_root_add_767_2/U80/QN (NAND2X0)
                                                          0.05 &     1.84 f
  fpu_add/fpu_add_frac_dp/add_1_root_add_767_2/U81/QN (NAND3X0)
                                                          0.05 &     1.89 r
  fpu_add/fpu_add_frac_dp/add_1_root_add_767_2/U91/QN (NAND2X0)
                                                          0.04 &     1.94 f
  fpu_add/fpu_add_frac_dp/add_1_root_add_767_2/U93/QN (NAND3X0)
                                                          0.05 &     1.99 r
  fpu_add/fpu_add_frac_dp/add_1_root_add_767_2/U98/QN (NAND2X0)
                                                          0.04 &     2.03 f
  fpu_add/fpu_add_frac_dp/add_1_root_add_767_2/U99/QN (NAND3X0)
                                                          0.05 &     2.08 r
  fpu_add/fpu_add_frac_dp/add_1_root_add_767_2/U163/QN (NAND2X0)
                                                          0.05 &     2.13 f
  fpu_add/fpu_add_frac_dp/add_1_root_add_767_2/U165/QN (NAND3X0)
                                                          0.05 &     2.18 r
  fpu_add/fpu_add_frac_dp/add_1_root_add_767_2/U169/QN (NAND2X0)
                                                          0.04 &     2.23 f
  fpu_add/fpu_add_frac_dp/add_1_root_add_767_2/U171/QN (NAND3X0)
                                                          0.06 &     2.28 r
  fpu_add/fpu_add_frac_dp/add_1_root_add_767_2/U230/QN (NAND2X0)
                                                          0.04 &     2.32 f
  fpu_add/fpu_add_frac_dp/add_1_root_add_767_2/U232/QN (NAND3X0)
                                                          0.05 &     2.38 r
  fpu_add/fpu_add_frac_dp/add_1_root_add_767_2/U236/QN (NAND2X0)
                                                          0.04 &     2.42 f
  fpu_add/fpu_add_frac_dp/add_1_root_add_767_2/U238/QN (NAND3X0)
                                                          0.06 &     2.49 r
  fpu_add/fpu_add_frac_dp/add_1_root_add_767_2/U1_17/CO (FADDX1)
                                                          0.11 &     2.59 r
  fpu_add/fpu_add_frac_dp/add_1_root_add_767_2/U133/QN (NAND2X0)
                                                          0.04 &     2.63 f
  fpu_add/fpu_add_frac_dp/add_1_root_add_767_2/U136/QN (NAND3X0)
                                                          0.05 &     2.68 r
  fpu_add/fpu_add_frac_dp/add_1_root_add_767_2/U254/QN (NAND2X0)
                                                          0.04 &     2.72 f
  fpu_add/fpu_add_frac_dp/add_1_root_add_767_2/U255/QN (NAND3X0)
                                                          0.05 &     2.78 r
  fpu_add/fpu_add_frac_dp/add_1_root_add_767_2/U259/QN (NAND2X0)
                                                          0.04 &     2.82 f
  fpu_add/fpu_add_frac_dp/add_1_root_add_767_2/U261/QN (NAND3X0)
                                                          0.05 &     2.87 r
  fpu_add/fpu_add_frac_dp/add_1_root_add_767_2/U196/QN (NAND2X0)
                                                          0.04 &     2.91 f
  fpu_add/fpu_add_frac_dp/add_1_root_add_767_2/U198/QN (NAND3X0)
                                                          0.05 &     2.97 r
  fpu_add/fpu_add_frac_dp/add_1_root_add_767_2/U202/QN (NAND2X0)
                                                          0.04 &     3.01 f
  fpu_add/fpu_add_frac_dp/add_1_root_add_767_2/U204/QN (NAND3X0)
                                                          0.05 &     3.06 r
  fpu_add/fpu_add_frac_dp/add_1_root_add_767_2/U277/QN (NAND2X0)
                                                          0.04 &     3.10 f
  fpu_add/fpu_add_frac_dp/add_1_root_add_767_2/U279/QN (NAND3X0)
                                                          0.05 &     3.15 r
  fpu_add/fpu_add_frac_dp/add_1_root_add_767_2/U283/QN (NAND2X0)
                                                          0.04 &     3.20 f
  fpu_add/fpu_add_frac_dp/add_1_root_add_767_2/U285/QN (NAND3X0)
                                                          0.05 &     3.25 r
  fpu_add/fpu_add_frac_dp/add_1_root_add_767_2/U139/QN (NAND2X0)
                                                          0.04 &     3.29 f
  fpu_add/fpu_add_frac_dp/add_1_root_add_767_2/U141/QN (NAND3X0)
                                                          0.06 &     3.35 r
  fpu_add/fpu_add_frac_dp/add_1_root_add_767_2/U145/QN (NAND2X0)
                                                          0.04 &     3.40 f
  fpu_add/fpu_add_frac_dp/add_1_root_add_767_2/U147/QN (NAND3X0)
                                                          0.06 &     3.45 r
  fpu_add/fpu_add_frac_dp/add_1_root_add_767_2/U108/QN (NAND2X0)
                                                          0.04 &     3.50 f
  fpu_add/fpu_add_frac_dp/add_1_root_add_767_2/U110/QN (NAND3X0)
                                                          0.05 &     3.55 r
  fpu_add/fpu_add_frac_dp/add_1_root_add_767_2/U116/QN (NAND2X0)
                                                          0.04 &     3.59 f
  fpu_add/fpu_add_frac_dp/add_1_root_add_767_2/U118/QN (NAND3X0)
                                                          0.05 &     3.64 r
  fpu_add/fpu_add_frac_dp/add_1_root_add_767_2/U128/QN (NAND2X0)
                                                          0.05 &     3.68 f
  fpu_add/fpu_add_frac_dp/add_1_root_add_767_2/U130/QN (NAND3X0)
                                                          0.06 &     3.74 r
  fpu_add/fpu_add_frac_dp/add_1_root_add_767_2/U393/QN (NAND2X0)
                                                          0.04 &     3.79 f
  fpu_add/fpu_add_frac_dp/add_1_root_add_767_2/U395/QN (NAND3X0)
                                                          0.07 &     3.85 r
  fpu_add/fpu_add_frac_dp/add_1_root_add_767_2/U399/QN (NAND2X0)
                                                          0.05 &     3.90 f
  fpu_add/fpu_add_frac_dp/add_1_root_add_767_2/U401/QN (NAND3X0)
                                                          0.05 &     3.95 r
  fpu_add/fpu_add_frac_dp/add_1_root_add_767_2/U368/QN (NAND2X0)
                                                          0.04 &     4.00 f
  fpu_add/fpu_add_frac_dp/add_1_root_add_767_2/U370/QN (NAND3X0)
                                                          0.05 &     4.05 r
  fpu_add/fpu_add_frac_dp/add_1_root_add_767_2/U378/QN (NAND2X0)
                                                          0.04 &     4.10 f
  fpu_add/fpu_add_frac_dp/add_1_root_add_767_2/U381/QN (NAND3X0)
                                                          0.06 &     4.16 r
  fpu_add/fpu_add_frac_dp/add_1_root_add_767_2/U423/QN (NAND2X0)
                                                          0.04 &     4.20 f
  fpu_add/fpu_add_frac_dp/add_1_root_add_767_2/U425/QN (NAND3X0)
                                                          0.05 &     4.25 r
  fpu_add/fpu_add_frac_dp/add_1_root_add_767_2/U430/QN (NAND2X0)
                                                          0.04 &     4.30 f
  fpu_add/fpu_add_frac_dp/add_1_root_add_767_2/U431/QN (NAND3X0)
                                                          0.06 &     4.35 r
  fpu_add/fpu_add_frac_dp/add_1_root_add_767_2/U208/QN (NAND2X0)
                                                          0.04 &     4.39 f
  fpu_add/fpu_add_frac_dp/add_1_root_add_767_2/U210/QN (NAND3X0)
                                                          0.06 &     4.45 r
  fpu_add/fpu_add_frac_dp/add_1_root_add_767_2/U219/QN (NAND2X0)
                                                          0.04 &     4.49 f
  fpu_add/fpu_add_frac_dp/add_1_root_add_767_2/U221/QN (NAND3X0)
                                                          0.06 &     4.55 r
  fpu_add/fpu_add_frac_dp/add_1_root_add_767_2/U225/QN (NAND2X0)
                                                          0.04 &     4.59 f
  fpu_add/fpu_add_frac_dp/add_1_root_add_767_2/U227/QN (NAND3X0)
                                                          0.06 &     4.65 r
  fpu_add/fpu_add_frac_dp/add_1_root_add_767_2/U243/QN (NAND2X0)
                                                          0.04 &     4.69 f
  fpu_add/fpu_add_frac_dp/add_1_root_add_767_2/U245/QN (NAND3X0)
                                                          0.05 &     4.75 r
  fpu_add/fpu_add_frac_dp/add_1_root_add_767_2/U249/QN (NAND2X0)
                                                          0.04 &     4.79 f
  fpu_add/fpu_add_frac_dp/add_1_root_add_767_2/U251/QN (NAND3X0)
                                                          0.05 &     4.84 r
  fpu_add/fpu_add_frac_dp/add_1_root_add_767_2/U266/QN (NAND2X0)
                                                          0.04 &     4.89 f
  fpu_add/fpu_add_frac_dp/add_1_root_add_767_2/U268/QN (NAND3X0)
                                                          0.06 &     4.94 r
  fpu_add/fpu_add_frac_dp/add_1_root_add_767_2/U272/QN (NAND2X0)
                                                          0.04 &     4.99 f
  fpu_add/fpu_add_frac_dp/add_1_root_add_767_2/U274/QN (NAND3X0)
                                                          0.06 &     5.04 r
  fpu_add/fpu_add_frac_dp/add_1_root_add_767_2/U86/QN (NAND2X0)
                                                          0.04 &     5.09 f
  fpu_add/fpu_add_frac_dp/add_1_root_add_767_2/U88/QN (NAND3X0)
                                                          0.06 &     5.14 r
  fpu_add/fpu_add_frac_dp/add_1_root_add_767_2/U173/QN (NAND2X0)
                                                          0.04 &     5.19 f
  fpu_add/fpu_add_frac_dp/add_1_root_add_767_2/U176/QN (NAND3X0)
                                                          0.05 &     5.24 r
  fpu_add/fpu_add_frac_dp/add_1_root_add_767_2/U185/QN (NAND2X0)
                                                          0.04 &     5.28 f
  fpu_add/fpu_add_frac_dp/add_1_root_add_767_2/U187/QN (NAND3X0)
                                                          0.07 &     5.35 r
  fpu_add/fpu_add_frac_dp/add_1_root_add_767_2/U192/QN (NAND2X0)
                                                          0.05 &     5.40 f
  fpu_add/fpu_add_frac_dp/add_1_root_add_767_2/U193/QN (NAND3X0)
                                                          0.05 &     5.45 r
  fpu_add/fpu_add_frac_dp/add_1_root_add_767_2/U334/QN (NAND2X0)
                                                          0.05 &     5.50 f
  fpu_add/fpu_add_frac_dp/add_1_root_add_767_2/U336/QN (NAND3X0)
                                                          0.06 &     5.56 r
  fpu_add/fpu_add_frac_dp/add_1_root_add_767_2/U340/QN (NAND2X0)
                                                          0.04 &     5.60 f
  fpu_add/fpu_add_frac_dp/add_1_root_add_767_2/U342/QN (NAND3X0)
                                                          0.05 &     5.66 r
  fpu_add/fpu_add_frac_dp/add_1_root_add_767_2/U328/QN (NAND2X0)
                                                          0.04 &     5.70 f
  fpu_add/fpu_add_frac_dp/add_1_root_add_767_2/U331/QN (NAND3X0)
                                                          0.05 &     5.75 r
  fpu_add/fpu_add_frac_dp/add_1_root_add_767_2/U345/QN (NAND2X0)
                                                          0.04 &     5.79 f
  fpu_add/fpu_add_frac_dp/add_1_root_add_767_2/U348/QN (NAND3X0)
                                                          0.05 &     5.85 r
  fpu_add/fpu_add_frac_dp/add_1_root_add_767_2/U351/QN (NAND2X0)
                                                          0.04 &     5.89 f
  fpu_add/fpu_add_frac_dp/add_1_root_add_767_2/U353/QN (NAND3X0)
                                                          0.05 &     5.94 r
  fpu_add/fpu_add_frac_dp/add_1_root_add_767_2/U356/QN (NAND2X0)
                                                          0.04 &     5.99 f
  fpu_add/fpu_add_frac_dp/add_1_root_add_767_2/U358/QN (NAND3X0)
                                                          0.06 &     6.05 r
  fpu_add/fpu_add_frac_dp/add_1_root_add_767_2/U361/QN (NAND2X0)
                                                          0.04 &     6.09 f
  fpu_add/fpu_add_frac_dp/add_1_root_add_767_2/U363/QN (NAND3X0)
                                                          0.05 &     6.14 r
  fpu_add/fpu_add_frac_dp/add_1_root_add_767_2/U383/QN (NAND2X0)
                                                          0.04 &     6.18 f
  fpu_add/fpu_add_frac_dp/add_1_root_add_767_2/U385/QN (NAND3X0)
                                                          0.06 &     6.24 r
  fpu_add/fpu_add_frac_dp/add_1_root_add_767_2/U390/QN (NAND2X0)
                                                          0.04 &     6.28 f
  fpu_add/fpu_add_frac_dp/add_1_root_add_767_2/U391/QN (NAND3X0)
                                                          0.05 &     6.34 r
  fpu_add/fpu_add_frac_dp/add_1_root_add_767_2/U373/QN (NAND2X0)
                                                          0.04 &     6.38 f
  fpu_add/fpu_add_frac_dp/add_1_root_add_767_2/U375/QN (NAND3X0)
                                                          0.05 &     6.43 r
  fpu_add/fpu_add_frac_dp/add_1_root_add_767_2/U414/QN (NAND2X0)
                                                          0.04 &     6.47 f
  fpu_add/fpu_add_frac_dp/add_1_root_add_767_2/U415/QN (NAND3X0)
                                                          0.05 &     6.53 r
  fpu_add/fpu_add_frac_dp/add_1_root_add_767_2/U420/QN (NAND2X0)
                                                          0.04 &     6.57 f
  fpu_add/fpu_add_frac_dp/add_1_root_add_767_2/U421/QN (NAND3X0)
                                                          0.05 &     6.62 r
  fpu_add/fpu_add_frac_dp/add_1_root_add_767_2/U318/QN (NAND2X0)
                                                          0.04 &     6.66 f
  fpu_add/fpu_add_frac_dp/add_1_root_add_767_2/U320/QN (NAND3X0)
                                                          0.05 &     6.71 r
  fpu_add/fpu_add_frac_dp/add_1_root_add_767_2/U324/QN (NAND2X0)
                                                          0.04 &     6.76 f
  fpu_add/fpu_add_frac_dp/add_1_root_add_767_2/U326/QN (NAND3X0)
                                                          0.05 &     6.81 r
  fpu_add/fpu_add_frac_dp/add_1_root_add_767_2/U15/Z (DELLN2X2)
                                                          0.39 &     7.20 r
  fpu_add/fpu_add_frac_dp/add_1_root_add_767_2/U149/Q (XOR2X1)
                                                          0.11 &     7.31 r
  fpu_add/fpu_add_frac_dp/add_1_root_add_767_2/SUM[61] (fpu_add_frac_dp_DW01_add_1)
                                                          0.00       7.31 r
  fpu_add/fpu_add_frac_dp/U131/Q (AND3X1)                 0.10 &     7.41 r
  fpu_add/fpu_add_frac_dp/U115/QN (NAND3X1)               0.10 &     7.51 f
  fpu_add/fpu_add_frac_dp/U123/Q (AO21X1)                 0.10 &     7.61 f
  fpu_add/fpu_add_frac_dp/U2152/Z (DELLN1X2)              0.22 &     7.83 f
  fpu_add/fpu_add_frac_dp/U2165/QN (NOR2X0)               0.06 &     7.90 r
  fpu_add/fpu_add_frac_dp/i_a4stg_rnd_frac_pre3/din[14] (dff_SIZE64_3)
                                                          0.00       7.90 r
  fpu_add/fpu_add_frac_dp/i_a4stg_rnd_frac_pre3/U50/Q (AO22X2)
                                                          0.09 &     7.99 r
  fpu_add/fpu_add_frac_dp/i_a4stg_rnd_frac_pre3/q_reg[14]/D (DFFX1)
                                                          0.00 &     7.99 r
  data arrival time                                                  7.99

  clock gclk (rise edge)                                  8.00       8.00
  clock network delay (propagated)                        0.60       8.60
  clock uncertainty                                      -0.10       8.50
  fpu_add/fpu_add_frac_dp/i_a4stg_rnd_frac_pre3/q_reg[14]/CLK (DFFX1)
                                                          0.00       8.50 r
  library setup time                                     -0.05       8.45
  data required time                                                 8.45
  --------------------------------------------------------------------------
  data required time                                                 8.45
  data arrival time                                                 -7.99
  --------------------------------------------------------------------------
  slack (MET)                                                        0.46


1
