 
****************************************
Report : timing
        -path full
        -delay max
        -max_paths 1
Design : fpu
Version: L-2016.03-SP5-1
Date   : Sun Mar  5 18:00:53 2017
****************************************

 * Some/all delay information is back-annotated.

Operating Conditions: TYPICAL   Library: saed90nm_typ
	Parasitic source    : LPE
	Parasitic mode      : RealRC
	Extraction mode     : MIN_MAX
	Extraction derating : 25/25/25

Information: Percent of Arnoldi-based delays = 20.09%

  Startpoint: fpu_add/fpu_add_frac_dp/i_a3stg_frac1/q_reg[4]
              (rising edge-triggered flip-flop clocked by gclk)
  Endpoint: fpu_add/fpu_add_frac_dp/i_a4stg_rnd_frac_pre3/q_reg[60]
            (rising edge-triggered flip-flop clocked by gclk)
  Path Group: gclk
  Path Type: max

  Point                                                   Incr       Path
  --------------------------------------------------------------------------
  clock gclk (rise edge)                                  0.00       0.00
  clock network delay (propagated)                        0.61       0.61
  fpu_add/fpu_add_frac_dp/i_a3stg_frac1/q_reg[4]/CLK (DFFX1)
                                                          0.00       0.61 r
  fpu_add/fpu_add_frac_dp/i_a3stg_frac1/q_reg[4]/Q (DFFX1)
                                                          0.20       0.81 r
  fpu_add/fpu_add_frac_dp/i_a3stg_frac1/q[4] (dffe_SIZE64_6)
                                                          0.00       0.81 r
  fpu_add/fpu_add_frac_dp/add_1_root_add_767_2/A[4] (fpu_add_frac_dp_DW01_add_3)
                                                          0.00       0.81 r
  fpu_add/fpu_add_frac_dp/add_1_root_add_767_2/U718/QN (NOR2X0)
                                                          0.07 &     0.88 f
  fpu_add/fpu_add_frac_dp/add_1_root_add_767_2/U342/QN (OAI21X1)
                                                          0.11 &     0.99 r
  fpu_add/fpu_add_frac_dp/add_1_root_add_767_2/U326/QN (AOI21X1)
                                                          0.09 &     1.09 f
  fpu_add/fpu_add_frac_dp/add_1_root_add_767_2/U324/QN (OAI21X1)
                                                          0.10 &     1.19 r
  fpu_add/fpu_add_frac_dp/add_1_root_add_767_2/U250/QN (AOI21X1)
                                                          0.11 &     1.30 f
  fpu_add/fpu_add_frac_dp/add_1_root_add_767_2/U114/QN (OAI21X1)
                                                          0.09 &     1.39 r
  fpu_add/fpu_add_frac_dp/add_1_root_add_767_2/U440/Q (AO21X1)
                                                          0.08 &     1.48 r
  fpu_add/fpu_add_frac_dp/add_1_root_add_767_2/U454/QN (NAND2X2)
                                                          0.02 &     1.50 f
  fpu_add/fpu_add_frac_dp/add_1_root_add_767_2/U455/QN (NAND3X0)
                                                          0.05 &     1.55 r
  fpu_add/fpu_add_frac_dp/add_1_root_add_767_2/U472/QN (NAND2X0)
                                                          0.04 &     1.60 f
  fpu_add/fpu_add_frac_dp/add_1_root_add_767_2/U474/QN (NAND3X0)
                                                          0.05 &     1.65 r
  fpu_add/fpu_add_frac_dp/add_1_root_add_767_2/U517/QN (NAND2X0)
                                                          0.04 &     1.69 f
  fpu_add/fpu_add_frac_dp/add_1_root_add_767_2/U519/QN (NAND3X0)
                                                          0.05 &     1.74 r
  fpu_add/fpu_add_frac_dp/add_1_root_add_767_2/U524/QN (NAND2X0)
                                                          0.05 &     1.79 f
  fpu_add/fpu_add_frac_dp/add_1_root_add_767_2/U525/QN (NAND3X0)
                                                          0.05 &     1.84 r
  fpu_add/fpu_add_frac_dp/add_1_root_add_767_2/U443/QN (NAND2X0)
                                                          0.04 &     1.89 f
  fpu_add/fpu_add_frac_dp/add_1_root_add_767_2/U445/QN (NAND3X0)
                                                          0.06 &     1.95 r
  fpu_add/fpu_add_frac_dp/add_1_root_add_767_2/U450/QN (NAND2X1)
                                                          0.03 &     1.98 f
  fpu_add/fpu_add_frac_dp/add_1_root_add_767_2/U451/QN (NAND3X0)
                                                          0.05 &     2.03 r
  fpu_add/fpu_add_frac_dp/add_1_root_add_767_2/U460/QN (NAND2X1)
                                                          0.03 &     2.07 f
  fpu_add/fpu_add_frac_dp/add_1_root_add_767_2/U462/QN (NAND3X0)
                                                          0.06 &     2.12 r
  fpu_add/fpu_add_frac_dp/add_1_root_add_767_2/U507/QN (NAND2X1)
                                                          0.03 &     2.16 f
  fpu_add/fpu_add_frac_dp/add_1_root_add_767_2/U509/QN (NAND3X0)
                                                          0.05 &     2.21 r
  fpu_add/fpu_add_frac_dp/add_1_root_add_767_2/U514/QN (NAND2X1)
                                                          0.03 &     2.24 f
  fpu_add/fpu_add_frac_dp/add_1_root_add_767_2/U515/QN (NAND3X0)
                                                          0.05 &     2.30 r
  fpu_add/fpu_add_frac_dp/add_1_root_add_767_2/U486/QN (NAND2X1)
                                                          0.03 &     2.33 f
  fpu_add/fpu_add_frac_dp/add_1_root_add_767_2/U488/QN (NAND3X0)
                                                          0.06 &     2.39 r
  fpu_add/fpu_add_frac_dp/add_1_root_add_767_2/U493/QN (NAND2X1)
                                                          0.03 &     2.42 f
  fpu_add/fpu_add_frac_dp/add_1_root_add_767_2/U494/QN (NAND3X0)
                                                          0.06 &     2.48 r
  fpu_add/fpu_add_frac_dp/add_1_root_add_767_2/U422/QN (NAND2X0)
                                                          0.05 &     2.53 f
  fpu_add/fpu_add_frac_dp/add_1_root_add_767_2/U425/QN (NAND3X0)
                                                          0.06 &     2.59 r
  fpu_add/fpu_add_frac_dp/add_1_root_add_767_2/U759/QN (NAND2X0)
                                                          0.05 &     2.63 f
  fpu_add/fpu_add_frac_dp/add_1_root_add_767_2/U761/QN (NAND3X0)
                                                          0.05 &     2.69 r
  fpu_add/fpu_add_frac_dp/add_1_root_add_767_2/U763/QN (NAND2X0)
                                                          0.04 &     2.73 f
  fpu_add/fpu_add_frac_dp/add_1_root_add_767_2/U765/QN (NAND3X0)
                                                          0.05 &     2.78 r
  fpu_add/fpu_add_frac_dp/add_1_root_add_767_2/U476/QN (NAND2X0)
                                                          0.04 &     2.82 f
  fpu_add/fpu_add_frac_dp/add_1_root_add_767_2/U478/QN (NAND3X0)
                                                          0.05 &     2.87 r
  fpu_add/fpu_add_frac_dp/add_1_root_add_767_2/U483/QN (NAND2X0)
                                                          0.04 &     2.92 f
  fpu_add/fpu_add_frac_dp/add_1_root_add_767_2/U484/QN (NAND3X0)
                                                          0.05 &     2.97 r
  fpu_add/fpu_add_frac_dp/add_1_root_add_767_2/U496/QN (NAND2X0)
                                                          0.04 &     3.01 f
  fpu_add/fpu_add_frac_dp/add_1_root_add_767_2/U498/QN (NAND3X0)
                                                          0.06 &     3.07 r
  fpu_add/fpu_add_frac_dp/add_1_root_add_767_2/U503/QN (NAND2X1)
                                                          0.03 &     3.10 f
  fpu_add/fpu_add_frac_dp/add_1_root_add_767_2/U504/QN (NAND3X0)
                                                          0.05 &     3.15 r
  fpu_add/fpu_add_frac_dp/add_1_root_add_767_2/U465/QN (NAND2X0)
                                                          0.04 &     3.19 f
  fpu_add/fpu_add_frac_dp/add_1_root_add_767_2/U468/QN (NAND3X0)
                                                          0.05 &     3.25 r
  fpu_add/fpu_add_frac_dp/add_1_root_add_767_2/U527/QN (NAND2X0)
                                                          0.04 &     3.29 f
  fpu_add/fpu_add_frac_dp/add_1_root_add_767_2/U529/QN (NAND3X0)
                                                          0.06 &     3.34 r
  fpu_add/fpu_add_frac_dp/add_1_root_add_767_2/U534/QN (NAND2X0)
                                                          0.04 &     3.39 f
  fpu_add/fpu_add_frac_dp/add_1_root_add_767_2/U535/QN (NAND3X0)
                                                          0.06 &     3.44 r
  fpu_add/fpu_add_frac_dp/add_1_root_add_767_2/U429/QN (NAND2X0)
                                                          0.04 &     3.48 f
  fpu_add/fpu_add_frac_dp/add_1_root_add_767_2/U431/QN (NAND3X0)
                                                          0.05 &     3.54 r
  fpu_add/fpu_add_frac_dp/add_1_root_add_767_2/U436/QN (NAND2X0)
                                                          0.04 &     3.58 f
  fpu_add/fpu_add_frac_dp/add_1_root_add_767_2/U437/QN (NAND3X0)
                                                          0.04 &     3.62 r
  fpu_add/fpu_add_frac_dp/add_1_root_add_767_2/U398/Q (XNOR2X2)
                                                          0.12 &     3.74 f
  fpu_add/fpu_add_frac_dp/add_1_root_add_767_2/SUM[63] (fpu_add_frac_dp_DW01_add_3)
                                                          0.00       3.74 f
  fpu_add/fpu_add_frac_dp/U1970/ZN (INVX0)                0.03 &     3.77 r
  fpu_add/fpu_add_frac_dp/U388/Q (AND3X1)                 0.09 &     3.86 r
  fpu_add/fpu_add_frac_dp/U104/QN (NAND3X1)               0.10 &     3.96 f
  fpu_add/fpu_add_frac_dp/U99/Q (AO21X1)                  0.12 &     4.08 f
  fpu_add/fpu_add_frac_dp/U2094/Z (DELLN1X2)              0.23 &     4.31 f
  fpu_add/fpu_add_frac_dp/U1976/QN (NOR2X0)               0.04 &     4.35 r
  fpu_add/fpu_add_frac_dp/i_a4stg_rnd_frac_pre3/din[60] (dff_SIZE64_3)
                                                          0.00       4.35 r
  fpu_add/fpu_add_frac_dp/i_a4stg_rnd_frac_pre3/U70/Q (MUX21X1)
                                                          0.08 &     4.42 r
  fpu_add/fpu_add_frac_dp/i_a4stg_rnd_frac_pre3/q_reg[60]/D (DFFX1)
                                                          0.00 &     4.42 r
  data arrival time                                                  4.42

  clock gclk (rise edge)                                  4.00       4.00
  clock network delay (propagated)                        0.57       4.57
  clock uncertainty                                      -0.10       4.47
  fpu_add/fpu_add_frac_dp/i_a4stg_rnd_frac_pre3/q_reg[60]/CLK (DFFX1)
                                                          0.00       4.47 r
  library setup time                                     -0.05       4.43
  data required time                                                 4.43
  --------------------------------------------------------------------------
  data required time                                                 4.43
  data arrival time                                                 -4.42
  --------------------------------------------------------------------------
  slack (MET)                                                        0.00


1
